error: 5 bindings with single-character names in scope
  --> $DIR/many_single_char_names.rs:4:9
   |
LL |     let a: i32;
   |         ^
LL |     let (b, c, d): (i32, i64, i16);
   |          ^  ^  ^
...
LL |             let e: i32;
   |                 ^
   |
   = note: `-D clippy::many-single-char-names` implied by `-D warnings`

error: 6 bindings with single-character names in scope
  --> $DIR/many_single_char_names.rs:4:9
   |
LL |     let a: i32;
   |         ^
LL |     let (b, c, d): (i32, i64, i16);
   |          ^  ^  ^
...
LL |             let e: i32;
   |                 ^
LL |             let f: i32;
   |                 ^

error: 5 bindings with single-character names in scope
  --> $DIR/many_single_char_names.rs:4:9
   |
LL |     let a: i32;
   |         ^
LL |     let (b, c, d): (i32, i64, i16);
   |          ^  ^  ^
...
LL |             e => panic!(),
   |             ^

error: 8 bindings with single-character names in scope
  --> $DIR/many_single_char_names.rs:29:13
   |
LL | fn bindings(a: i32, b: i32, c: i32, d: i32, e: i32, f: i32, g: i32, h: i32) {}
   |             ^       ^       ^       ^       ^       ^       ^       ^

error: 8 bindings with single-character names in scope
  --> $DIR/many_single_char_names.rs:32:10
   |
LL |     let (a, b, c, d, e, f, g, h) = unimplemented!();
   |          ^  ^  ^  ^  ^  ^  ^  ^

error[E0282]: type annotations needed for `(_, _, _, _, _, _, _, _)`
  --> $DIR/many_single_char_names.rs:32:10
   |
LL |     let (a, b, c, d, e, f, g, h) = unimplemented!();
   |         -^----------------------
   |         ||
   |         |cannot infer type
   |         consider giving this pattern the explicit type `(_, _, _, _, _, _, _, _)`, with the type parameters specified

error: aborting due to 6 previous errors

For more information about this error, try `rustc --explain E0282`.
